------------------------------------------------------------
Timing Analyzer Summary
------------------------------------------------------------

Type  : Slow 1200mV 85C Model Setup 'clk_dut'
Slack : -2.634
TNS   : -416.785

Type  : Slow 1200mV 85C Model Setup 'clk_emu'
Slack : -1.081
TNS   : -19.821

Type  : Slow 1200mV 85C Model Hold 'clk_dut'
Slack : 0.499
TNS   : 0.000

Type  : Slow 1200mV 85C Model Hold 'clk_emu'
Slack : 0.501
TNS   : 0.000

Type  : Slow 1200mV 85C Model Minimum Pulse Width 'clk_dut'
Slack : -3.000
TNS   : -562.112

Type  : Slow 1200mV 85C Model Minimum Pulse Width 'clk_emu'
Slack : -3.000
TNS   : -121.960

Type  : Slow 1200mV 0C Model Setup 'clk_dut'
Slack : -2.347
TNS   : -358.270

Type  : Slow 1200mV 0C Model Setup 'clk_emu'
Slack : -0.922
TNS   : -14.678

Type  : Slow 1200mV 0C Model Hold 'clk_dut'
Slack : 0.469
TNS   : 0.000

Type  : Slow 1200mV 0C Model Hold 'clk_emu'
Slack : 0.470
TNS   : 0.000

Type  : Slow 1200mV 0C Model Minimum Pulse Width 'clk_dut'
Slack : -3.000
TNS   : -562.112

Type  : Slow 1200mV 0C Model Minimum Pulse Width 'clk_emu'
Slack : -3.000
TNS   : -121.960

Type  : Fast 1200mV 0C Model Setup 'clk_dut'
Slack : -0.573
TNS   : -43.967

Type  : Fast 1200mV 0C Model Setup 'clk_emu'
Slack : 0.001
TNS   : 0.000

Type  : Fast 1200mV 0C Model Hold 'clk_dut'
Slack : 0.193
TNS   : 0.000

Type  : Fast 1200mV 0C Model Hold 'clk_emu'
Slack : 0.193
TNS   : 0.000

Type  : Fast 1200mV 0C Model Minimum Pulse Width 'clk_dut'
Slack : -3.000
TNS   : -489.504

Type  : Fast 1200mV 0C Model Minimum Pulse Width 'clk_emu'
Slack : -3.000
TNS   : -106.448

------------------------------------------------------------
