

==================================================================================
=== CALIBRE::DRC-H SUMMARY REPORT
===
Execution Date/Time:       Fri Feb 28 09:29:11 2025
Calibre Version:           v2019.4_36.18    Mon Dec 2 17:25:28 PST 2019
Rule File Pathname:        /user/janghg/PDK_2025_Mychip_2nd/NSPL_05CMOS_PDK_240206/Calibre/DRC/_drc_header.cal_
Rule File Title:           
Layout System:             GDS
Layout Path(s):            /user/janghg/Project/test/drc/ALU8_Mult_Pad.gds
Layout Primary Cell:       ALU8_Mult_Pad
Current Directory:         /user/janghg/PDK_2025_Mychip_2nd/NSPL_05CMOS_PDK_240206/Calibre/DRC
User Name:                 janghg
Maximum Results/RuleCheck: 1000
Maximum Result Vertices:   4096
DRC Results Database:      /user/janghg/Project/test/drc/ALU8_Mult_Pad.drc.results (ASCII)
Layout Depth:              ALL
Text Depth:                PRIMARY
Summary Report File:       /user/janghg/Project/test/drc/ALU8_Mult_Pad.drc.summary (REPLACE)
Geometry Flagging:         ACUTE = YES  SKEW = YES  ANGLED = NO  OFFGRID = YES
                           NONSIMPLE POLYGON = YES  NONSIMPLE PATH = NO
Excluded Cells:           
CheckText Mapping:         COMMENT TEXT
Layers:                    MEMORY-BASED
Keep Empty Checks:         NO
----------------------------------------------------------------------------------
--- RUNTIME WARNINGS
---
ACUTE angle on layer MET1i at location (147.6,78) in cell PCORNER.
ACUTE angle on layer MET1i at location (112.6,113) in cell PCORNER.
ACUTE angle on layer MET1i at location (0,87.6) in cell PCORNER.
ACUTE angle on layer MET1i at location (87.6,0) in cell PCORNER.
ACUTE angle on layer MET1i at location (134.45,147.6) in cell PCORNER.
ACUTE angle on layer MET1i at location (169.05,113) in cell PCORNER.
ACUTE angle on layer MET1i at location (112.6,113) in cell PCORNER.
ACUTE angle on layer MET1i at location (78,147.6) in cell PCORNER.
ACUTE angle on layer MET1i at location (113,169.05) in cell PCORNER.
ACUTE angle on layer MET1i at location (134.45,147.6) in cell PCORNER.
ACUTE angle on layer MET1i at location (212.45,191) in cell PCORNER.
ACUTE angle on layer MET1i at location (192.45,211) in cell PCORNER.
ACUTE angle on layer MET1i at location (222.7,212.45) in cell PCORNER.
ACUTE angle on layer MET1i at location (224.15,211) in cell PCORNER.
ACUTE angle on layer MET1i at location (192.45,211) in cell PCORNER.
ACUTE angle on layer MET1i at location (191,212.45) in cell PCORNER.
ACUTE angle on layer MET1i at location (211,224.15) in cell PCORNER.
ACUTE angle on layer MET1i at location (222.7,212.45) in cell PCORNER.
ACUTE angle on layer MET1i at location (232.05,227.6) in cell PCORNER.
ACUTE angle on layer MET1i at location (227.6,232.05) in cell PCORNER.
ACUTE angle on layer MET1i at location (234,240.85) in cell PCORNER.
ACUTE angle on layer MET1i at location (240.85,234) in cell PCORNER.
ACUTE angle on layer MET1i at location (251.8,249.55) in cell PCORNER.
ACUTE angle on layer MET1i at location (249.55,251.8) in cell PCORNER.
ACUTE angle on layer MET2i at location (147.6,78) in cell PCORNER.
ACUTE angle on layer MET2i at location (112.6,113) in cell PCORNER.
ACUTE angle on layer MET2i at location (0,87.6) in cell PCORNER.
ACUTE angle on layer MET2i at location (87.6,0) in cell PCORNER.
ACUTE angle on layer MET2i at location (134.45,147.6) in cell PCORNER.
ACUTE angle on layer MET2i at location (169.05,113) in cell PCORNER.
ACUTE angle on layer MET2i at location (112.6,113) in cell PCORNER.
ACUTE angle on layer MET2i at location (78,147.6) in cell PCORNER.
ACUTE angle on layer MET2i at location (113,169.05) in cell PCORNER.
ACUTE angle on layer MET2i at location (134.45,147.6) in cell PCORNER.
ACUTE angle on layer MET2i at location (212.45,191) in cell PCORNER.
ACUTE angle on layer MET2i at location (192.45,211) in cell PCORNER.
ACUTE angle on layer MET2i at location (222.7,212.45) in cell PCORNER.
ACUTE angle on layer MET2i at location (224.15,211) in cell PCORNER.
ACUTE angle on layer MET2i at location (192.45,211) in cell PCORNER.
ACUTE angle on layer MET2i at location (191,212.45) in cell PCORNER.
ACUTE angle on layer MET2i at location (211,224.15) in cell PCORNER.
ACUTE angle on layer MET2i at location (222.7,212.45) in cell PCORNER.
ACUTE angle on layer MET2i at location (232.05,227.6) in cell PCORNER.
ACUTE angle on layer MET2i at location (227.6,232.05) in cell PCORNER.
ACUTE angle on layer MET2i at location (234,240.85) in cell PCORNER.
ACUTE angle on layer MET2i at location (240.85,234) in cell PCORNER.
ACUTE angle on layer MET2i at location (251.8,249.55) in cell PCORNER.
ACUTE angle on layer MET2i at location (249.55,251.8) in cell PCORNER.
ACUTE angle on layer MET3i at location (147.6,78) in cell PCORNER.
ACUTE angle on layer MET3i at location (112.6,113) in cell PCORNER.
ACUTE angle on layer MET3i at location (0,87.6) in cell PCORNER.
ACUTE angle on layer MET3i at location (87.6,0) in cell PCORNER.
ACUTE angle on layer MET3i at location (134.45,147.6) in cell PCORNER.
ACUTE angle on layer MET3i at location (169.05,113) in cell PCORNER.
ACUTE angle on layer MET3i at location (112.6,113) in cell PCORNER.
ACUTE angle on layer MET3i at location (78,147.6) in cell PCORNER.
ACUTE angle on layer MET3i at location (113,169.05) in cell PCORNER.
ACUTE angle on layer MET3i at location (134.45,147.6) in cell PCORNER.
ACUTE angle on layer MET3i at location (212.45,191) in cell PCORNER.
ACUTE angle on layer MET3i at location (192.45,211) in cell PCORNER.
ACUTE angle on layer MET3i at location (222.7,212.45) in cell PCORNER.
ACUTE angle on layer MET3i at location (224.15,211) in cell PCORNER.
ACUTE angle on layer MET3i at location (192.45,211) in cell PCORNER.
ACUTE angle on layer MET3i at location (191,212.45) in cell PCORNER.
ACUTE angle on layer MET3i at location (211,224.15) in cell PCORNER.
ACUTE angle on layer MET3i at location (222.7,212.45) in cell PCORNER.
ACUTE angle on layer MET3i at location (232.05,227.6) in cell PCORNER.
ACUTE angle on layer MET3i at location (227.6,232.05) in cell PCORNER.
ACUTE angle on layer MET3i at location (234,240.85) in cell PCORNER.
ACUTE angle on layer MET3i at location (240.85,234) in cell PCORNER.
ACUTE angle on layer MET3i at location (253,250.6) in cell PCORNER.
ACUTE angle on layer MET3i at location (250.6,253) in cell PCORNER.
SCONNECT conflict. Multiple stamping occurred.
Maximum result count of 1000 exceeded in DRC RuleCheck 9.VIA1.bad2.
Maximum result count of 1000 exceeded in DRC RuleCheck 10.MET2.S1.
Maximum result count of 1000 exceeded in DRC RuleCheck 11.VIA2.bad2.
----------------------------------------------------------------------------------
--- ORIGINAL LAYER STATISTICS
---
LAYER NODRC .......... TOTAL Original Geometry Count = 0      (0)
LAYER DNWELLi ........ TOTAL Original Geometry Count = 0      (0)
LAYER HNWELLi ........ TOTAL Original Geometry Count = 0      (0)
LAYER NWELLi ......... TOTAL Original Geometry Count = 64     (684)
LAYER DPWELLi ........ TOTAL Original Geometry Count = 0      (0)
LAYER HPWELLi ........ TOTAL Original Geometry Count = 0      (0)
LAYER PWELLi ......... TOTAL Original Geometry Count = 1211   (2170)
LAYER DWELLi ......... TOTAL Original Geometry Count = 0      (0)
LAYER ACTi ........... TOTAL Original Geometry Count = 2767   (4478)
LAYER ESD ............ TOTAL Original Geometry Count = 0      (0)
LAYER BJT ............ TOTAL Original Geometry Count = 0      (0)
LAYER POLY1i ......... TOTAL Original Geometry Count = 12380  (14695)
LAYER POLY2i ......... TOTAL Original Geometry Count = 4      (108)
LAYER NSDi ........... TOTAL Original Geometry Count = 1290   (2215)
LAYER PSDi ........... TOTAL Original Geometry Count = 1483   (2199)
LAYER FVTPi .......... TOTAL Original Geometry Count = 0      (0)
LAYER VTNi ........... TOTAL Original Geometry Count = 0      (0)
LAYER VTPi ........... TOTAL Original Geometry Count = 0      (0)
LAYER NHRIi .......... TOTAL Original Geometry Count = 0      (0)
LAYER PHRIi .......... TOTAL Original Geometry Count = 0      (0)
LAYER NPIi ........... TOTAL Original Geometry Count = 0      (0)
LAYER PPIi ........... TOTAL Original Geometry Count = 0      (0)
LAYER NDRIFTi ........ TOTAL Original Geometry Count = 0      (0)
LAYER PDRIFTi ........ TOTAL Original Geometry Count = 0      (0)
LAYER TGOXi .......... TOTAL Original Geometry Count = 0      (0)
LAYER JISOi .......... TOTAL Original Geometry Count = 0      (0)
LAYER TISOi .......... TOTAL Original Geometry Count = 0      (0)
LAYER CONTi .......... TOTAL Original Geometry Count = 109441 (225278)
LAYER MET1i .......... TOTAL Original Geometry Count = 19538  (37154)
LAYER VIA1i .......... TOTAL Original Geometry Count = 10283  (134863)
LAYER MET2i .......... TOTAL Original Geometry Count = 13712  (40592)
LAYER VIA2i .......... TOTAL Original Geometry Count = 12551  (75442)
LAYER MET3i .......... TOTAL Original Geometry Count = 14643  (27505)
LAYER PADi ........... TOTAL Original Geometry Count = 2      (56)
LAYER RES ............ TOTAL Original Geometry Count = 0      (0)
LAYER CAP ............ TOTAL Original Geometry Count = 0      (0)
LAYER LVSD ........... TOTAL Original Geometry Count = 0      (0)
LAYER DIODE .......... TOTAL Original Geometry Count = 0      (0)
LAYER ESDD ........... TOTAL Original Geometry Count = 0      (0)
LAYER CHIPBOUNDARY ... TOTAL Original Geometry Count = 0      (0)
LAYER KEY ............ TOTAL Original Geometry Count = 0      (0)
LAYER ESDI ........... TOTAL Original Geometry Count = 6      (108)
LAYER HVMS ........... TOTAL Original Geometry Count = 0      (0)
LAYER HVMA ........... TOTAL Original Geometry Count = 0      (0)
----------------------------------------------------------------------------------
--- RULECHECK RESULTS STATISTICS
---
RULECHECK OFFGRID_CHIPBOUNDARY ... TOTAL Result Count = 0    (0)
RULECHECK OFFGRID_KEY ............ TOTAL Result Count = 0    (0)
RULECHECK OFFGRID_NWELL .......... TOTAL Result Count = 0    (0)
RULECHECK OFFGRID_PWELL .......... TOTAL Result Count = 0    (0)
RULECHECK OFFGRID_HNWELL ......... TOTAL Result Count = 0    (0)
RULECHECK OFFGRID_HPWELL ......... TOTAL Result Count = 0    (0)
RULECHECK OFFGRID_DWELL .......... TOTAL Result Count = 0    (0)
RULECHECK OFFGRID_DNWELL ......... TOTAL Result Count = 0    (0)
RULECHECK OFFGRID_DPWELL ......... TOTAL Result Count = 0    (0)
RULECHECK OFFGRID_ACT ............ TOTAL Result Count = 0    (0)
RULECHECK OFFGRID_POLY1 .......... TOTAL Result Count = 0    (0)
RULECHECK OFFGRID_POLY2 .......... TOTAL Result Count = 0    (0)
RULECHECK OFFGRID_NSD ............ TOTAL Result Count = 0    (0)
RULECHECK OFFGRID_PSD ............ TOTAL Result Count = 0    (0)
RULECHECK OFFGRID_FVTN ........... TOTAL Result Count = 0    (0)
RULECHECK OFFGRID_VTN ............ TOTAL Result Count = 0    (0)
RULECHECK OFFGRID_VTP ............ TOTAL Result Count = 0    (0)
RULECHECK OFFGRID_NHRI ........... TOTAL Result Count = 0    (0)
RULECHECK OFFGRID_NPI ............ TOTAL Result Count = 0    (0)
RULECHECK OFFGRID_PPI ............ TOTAL Result Count = 0    (0)
RULECHECK OFFGRID_NDRIFT ......... TOTAL Result Count = 0    (0)
RULECHECK OFFGRID_PDRIFT ......... TOTAL Result Count = 0    (0)
RULECHECK OFFGRID_TGOX ........... TOTAL Result Count = 0    (0)
RULECHECK OFFGRID_JISO ........... TOTAL Result Count = 0    (0)
RULECHECK OFFGRID_TISO ........... TOTAL Result Count = 0    (0)
RULECHECK OFFGRID_ESD ............ TOTAL Result Count = 0    (0)
RULECHECK OFFGRID_ESDI ........... TOTAL Result Count = 0    (0)
RULECHECK OFFGRID_CONT ........... TOTAL Result Count = 0    (0)
RULECHECK OFFGRID_MET1 ........... TOTAL Result Count = 0    (0)
RULECHECK OFFGRID_VIA1 ........... TOTAL Result Count = 0    (0)
RULECHECK OFFGRID_MET2 ........... TOTAL Result Count = 0    (0)
RULECHECK OFFGRID_VIA2 ........... TOTAL Result Count = 0    (0)
RULECHECK OFFGRID_MET3 ........... TOTAL Result Count = 0    (0)
RULECHECK OFFGRID_PAD ............ TOTAL Result Count = 0    (0)
RULECHECK OFFGRID_RES ............ TOTAL Result Count = 0    (0)
RULECHECK OFFGRID_CAP ............ TOTAL Result Count = 0    (0)
RULECHECK OFFGRID_HVMS ........... TOTAL Result Count = 0    (0)
RULECHECK OFFGRID_HVMA ........... TOTAL Result Count = 0    (0)
RULECHECK OFFGRID_BJT ............ TOTAL Result Count = 0    (0)
RULECHECK OFFGRID_DIODE .......... TOTAL Result Count = 0    (0)
RULECHECK OFFGRID_ESDD ........... TOTAL Result Count = 0    (0)
RULECHECK OFFGRID_LVSD ........... TOTAL Result Count = 0    (0)
RULECHECK SKEW ................... TOTAL Result Count = 0    (0)
RULECHECK 1.NWL.W ................ TOTAL Result Count = 0    (0)
RULECHECK 1.NWL.S.1 .............. TOTAL Result Count = 0    (0)
RULECHECK 1.NWL.S.2 .............. TOTAL Result Count = 0    (0)
RULECHECK 1.NWL.R ................ TOTAL Result Count = 0    (0)
RULECHECK 1.NWL.bad1 ............. TOTAL Result Count = 0    (0)
RULECHECK 1.NWL.bad2 ............. TOTAL Result Count = 2    (32)
RULECHECK 1.PWL.bad1 ............. TOTAL Result Count = 2    (200)
RULECHECK 1.PWL.bad2 ............. TOTAL Result Count = 2    (32)
RULECHECK 2.ACT.W1 ............... TOTAL Result Count = 7    (168)
RULECHECK 2.ACT.W2 ............... TOTAL Result Count = 0    (0)
RULECHECK 2.ACT.W3 ............... TOTAL Result Count = 0    (0)
RULECHECK 2.ACT.S ................ TOTAL Result Count = 0    (0)
RULECHECK 2.ACT.E1 ............... TOTAL Result Count = 0    (0)
RULECHECK 2.ACT.E2 ............... TOTAL Result Count = 0    (0)
RULECHECK 2.ACT.E3 ............... TOTAL Result Count = 0    (0)
RULECHECK 2.ACT.E4 ............... TOTAL Result Count = 0    (0)
RULECHECK 2.ACT.E5 ............... TOTAL Result Count = 0    (0)
RULECHECK 2.ACT.T1 ............... TOTAL Result Count = 3    (10)
RULECHECK 2.ACT.T2 ............... TOTAL Result Count = 0    (0)
RULECHECK 2.ACT.bad1 ............. TOTAL Result Count = 0    (0)
RULECHECK 2.ACT.bad2 ............. TOTAL Result Count = 7    (168)
RULECHECK 2.ACT.bad3 ............. TOTAL Result Count = 1    (192)
RULECHECK 2.ACT.bad4 ............. TOTAL Result Count = 0    (0)
RULECHECK 3.PL1.W1 ............... TOTAL Result Count = 0    (0)
RULECHECK 3.PL1.W2 ............... TOTAL Result Count = 0    (0)
RULECHECK 3.PL1.W3 ............... TOTAL Result Count = 0    (0)
RULECHECK 3.PL1.S1 ............... TOTAL Result Count = 0    (0)
RULECHECK 3.PL1.S2 ............... TOTAL Result Count = 0    (0)
RULECHECK 3.PL1.S3 ............... TOTAL Result Count = 0    (0)
RULECHECK 3.PL1.S4 ............... TOTAL Result Count = 0    (0)
RULECHECK 3.PL1.O ................ TOTAL Result Count = 0    (0)
RULECHECK 3.PL1.ANT .............. TOTAL Result Count = 0    (0)
RULECHECK 3.PL1.bad1 ............. TOTAL Result Count = 0    (0)
RULECHECK 3.PL1.bad3 ............. TOTAL Result Count = 0    (0)
RULECHECK 4.PL2.W ................ TOTAL Result Count = 0    (0)
RULECHECK 4.PL2.S1 ............... TOTAL Result Count = 0    (0)
RULECHECK 4.PL2.S2 ............... TOTAL Result Count = 0    (0)
RULECHECK 4.PL2.S3 ............... TOTAL Result Count = 0    (0)
RULECHECK 4.PL2.bad1 ............. TOTAL Result Count = 0    (0)
RULECHECK 4.PL2.bad2 ............. TOTAL Result Count = 0    (0)
RULECHECK 5.NSD.W ................ TOTAL Result Count = 0    (0)
RULECHECK 5.NSD.S1 ............... TOTAL Result Count = 3    (64)
RULECHECK 5.NSD.E ................ TOTAL Result Count = 14   (336)
RULECHECK 5.NSD.O ................ TOTAL Result Count = 8    (176)
RULECHECK 5.NSD.bad1 ............. TOTAL Result Count = 0    (0)
RULECHECK 6.PSD.W ................ TOTAL Result Count = 0    (0)
RULECHECK 6.PSD.S1 ............... TOTAL Result Count = 0    (0)
RULECHECK 6.PSD.E ................ TOTAL Result Count = 1    (8)
RULECHECK 6.PSD.O ................ TOTAL Result Count = 8    (176)
RULECHECK 6.PSD.bad1 ............. TOTAL Result Count = 0    (0)
RULECHECK 7.CONT.W ............... TOTAL Result Count = 0    (0)
RULECHECK 7.CONT.S1 .............. TOTAL Result Count = 0    (0)
RULECHECK 7.CONT.S2 .............. TOTAL Result Count = 0    (0)
RULECHECK 7.CONT.S3 .............. TOTAL Result Count = 0    (0)
RULECHECK 7.CONT.S4 .............. TOTAL Result Count = 0    (0)
RULECHECK 7.CONT.S5 .............. TOTAL Result Count = 0    (0)
RULECHECK 7.CONT.S6 .............. TOTAL Result Count = 0    (0)
RULECHECK 7.CONT.S7 .............. TOTAL Result Count = 0    (0)
RULECHECK 7.CONT.S8 .............. TOTAL Result Count = 0    (0)
RULECHECK 7.CONT.E1 .............. TOTAL Result Count = 0    (0)
RULECHECK 7.CONT.E2 .............. TOTAL Result Count = 0    (0)
RULECHECK 7.CONT.E3 .............. TOTAL Result Count = 0    (0)
RULECHECK 7.CONT.E4 .............. TOTAL Result Count = 0    (0)
RULECHECK 7.CONT.bad1 ............ TOTAL Result Count = 0    (0)
RULECHECK 7.CONT.bad2 ............ TOTAL Result Count = 0    (0)
RULECHECK 7.CONT.bad3 ............ TOTAL Result Count = 0    (0)
RULECHECK 8.MET1.W ............... TOTAL Result Count = 0    (0)
RULECHECK 8.MET1.S1 .............. TOTAL Result Count = 0    (0)
RULECHECK 8.MET1.S2 .............. TOTAL Result Count = 2    (2)
RULECHECK 8.MET1.bad1 ............ TOTAL Result Count = 0    (0)
RULECHECK 9.VIA1.W ............... TOTAL Result Count = 0    (0)
RULECHECK 9.VIA1.S1 .............. TOTAL Result Count = 0    (0)
RULECHECK 9.VIA1.S2 .............. TOTAL Result Count = 0    (0)
RULECHECK 9.VIA1.E1 .............. TOTAL Result Count = 0    (0)
RULECHECK 9.VIA1.E2 .............. TOTAL Result Count = 4    (4)
RULECHECK 9.VIA1.E3 .............. TOTAL Result Count = 0    (0)
RULECHECK 9.VIA1.E4 .............. TOTAL Result Count = 7    (7)
RULECHECK 9.VIA1.S ............... TOTAL Result Count = 0    (0)
RULECHECK 9.VIA1.bad1 ............ TOTAL Result Count = 0    (0)
RULECHECK 9.VIA1.bad2 ............ TOTAL Result Count = 1000 (1000)
RULECHECK 10.MET2.W .............. TOTAL Result Count = 0    (0)
RULECHECK 10.MET2.S1 ............. TOTAL Result Count = 1000 (1000)
RULECHECK 10.MET2.S2 ............. TOTAL Result Count = 48   (48)
RULECHECK 10.MET2.bad1 ........... TOTAL Result Count = 0    (0)
RULECHECK 11.VIA2.W .............. TOTAL Result Count = 0    (0)
RULECHECK 11.VIA2.S1 ............. TOTAL Result Count = 8    (8)
RULECHECK 11.VIA2.S2 ............. TOTAL Result Count = 0    (0)
RULECHECK 11.VIA2.E1 ............. TOTAL Result Count = 0    (0)
RULECHECK 11.VIA2.E2 ............. TOTAL Result Count = 0    (0)
RULECHECK 11.VIA2.E3 ............. TOTAL Result Count = 0    (0)
RULECHECK 11.VIA2.E4 ............. TOTAL Result Count = 0    (0)
RULECHECK 11.VIA2.S .............. TOTAL Result Count = 0    (0)
RULECHECK 11.VIA2.bad1 ........... TOTAL Result Count = 0    (0)
RULECHECK 11.VIA2.bad2 ........... TOTAL Result Count = 1000 (1000)
RULECHECK 12.MET3.W .............. TOTAL Result Count = 0    (0)
RULECHECK 12.MET3.S1 ............. TOTAL Result Count = 133  (133)
RULECHECK 12.MET3.S2 ............. TOTAL Result Count = 0    (0)
RULECHECK 12.MET3.bad1 ........... TOTAL Result Count = 0    (0)
RULECHECK 13.PAD.P ............... TOTAL Result Count = 0    (0)
RULECHECK 13.PAD.A ............... TOTAL Result Count = 0    (0)
RULECHECK 13.PAD.E ............... TOTAL Result Count = 0    (0)
RULECHECK 13.PAD.S ............... TOTAL Result Count = 0    (0)
RULECHECK 14.PL2PR.W ............. TOTAL Result Count = 0    (0)
RULECHECK 14.PL2PR.L ............. TOTAL Result Count = 0    (0)
RULECHECK 14.PL2PR.S1 ............ TOTAL Result Count = 0    (0)
RULECHECK 14.PL2PR.S2 ............ TOTAL Result Count = 0    (0)
RULECHECK 14.PL2PR.E1 ............ TOTAL Result Count = 0    (0)
RULECHECK 14.PL2PR.E2 ............ TOTAL Result Count = 0    (0)
RULECHECK 14.PL2PR.bad1 .......... TOTAL Result Count = 0    (0)
RULECHECK 14.PL2PR.bad2 .......... TOTAL Result Count = 0    (0)
RULECHECK 14.PL2PR.bad3 .......... TOTAL Result Count = 0    (0)
RULECHECK 14.PL2PR.bad4 .......... TOTAL Result Count = 0    (0)
RULECHECK 15.CAP.W1 .............. TOTAL Result Count = 0    (0)
RULECHECK 15.CAP.W2 .............. TOTAL Result Count = 0    (0)
RULECHECK 15.CAP.S1 .............. TOTAL Result Count = 0    (0)
RULECHECK 15.CAP.S2 .............. TOTAL Result Count = 0    (0)
RULECHECK 15.CAP.S3 .............. TOTAL Result Count = 0    (0)
RULECHECK 15.CAP.S4 .............. TOTAL Result Count = 0    (0)
RULECHECK 15.CAP.S5 .............. TOTAL Result Count = 0    (0)
RULECHECK 15.CAP.E1 .............. TOTAL Result Count = 0    (0)
RULECHECK 15.CAP.E2 .............. TOTAL Result Count = 0    (0)
RULECHECK 15.CAP.E3 .............. TOTAL Result Count = 0    (0)
RULECHECK 15.CAP.bad1 ............ TOTAL Result Count = 0    (0)
RULECHECK 15.CAP.bad2 ............ TOTAL Result Count = 0    (0)
RULECHECK 15.CAP.bad3 ............ TOTAL Result Count = 0    (0)
RULECHECK 15.CAP.bad4 ............ TOTAL Result Count = 0    (0)
RULECHECK 15.CAP.bad5 ............ TOTAL Result Count = 0    (0)
RULECHECK 16.PNP.W1 .............. TOTAL Result Count = 0    (0)
RULECHECK 16.PNP.W2 .............. TOTAL Result Count = 0    (0)
RULECHECK 16.PNP.S ............... TOTAL Result Count = 0    (0)
RULECHECK 16.PNP.E1 .............. TOTAL Result Count = 0    (0)
RULECHECK 16.PNP.E2 .............. TOTAL Result Count = 0    (0)
RULECHECK 16.PNP.E3 .............. TOTAL Result Count = 0    (0)
RULECHECK 16.PNP.E4 .............. TOTAL Result Count = 0    (0)
RULECHECK 17.NPN.W1 .............. TOTAL Result Count = 0    (0)
RULECHECK 17.NPN.W2 .............. TOTAL Result Count = 0    (0)
RULECHECK 17.NPN.S ............... TOTAL Result Count = 0    (0)
RULECHECK 17.NPN.E1 .............. TOTAL Result Count = 0    (0)
RULECHECK 17.NPN.E2 .............. TOTAL Result Count = 0    (0)
RULECHECK 17.NPN.E3 .............. TOTAL Result Count = 0    (0)
RULECHECK 17.NPN.E4 .............. TOTAL Result Count = 0    (0)
RULECHECK 19.IO.W1 ............... TOTAL Result Count = 0    (0)
RULECHECK 19.IO.W2 ............... TOTAL Result Count = 0    (0)
RULECHECK 19.IO.W3 ............... TOTAL Result Count = 0    (0)
RULECHECK 19.IO.W4 ............... TOTAL Result Count = 0    (0)
RULECHECK 19.IO.S1 ............... TOTAL Result Count = 0    (0)
RULECHECK 19.IO.S2 ............... TOTAL Result Count = 0    (0)
RULECHECK 19.IO.S3 ............... TOTAL Result Count = 0    (0)
RULECHECK 19.IO.E1 ............... TOTAL Result Count = 0    (0)
RULECHECK 19.IO.E2 ............... TOTAL Result Count = 0    (0)
RULECHECK 20.LU.W1 ............... TOTAL Result Count = 0    (0)
RULECHECK 20.LU.W2 ............... TOTAL Result Count = 0    (0)
RULECHECK 20.LU.S1 ............... TOTAL Result Count = 0    (0)
RULECHECK 20.LU.S2 ............... TOTAL Result Count = 0    (0)
RULECHECK 20.LU.S3 ............... TOTAL Result Count = 0    (0)
RULECHECK 20.LU.S4 ............... TOTAL Result Count = 0    (0)
RULECHECK 20.LU.E1 ............... TOTAL Result Count = 0    (0)
RULECHECK 20.LU.E2 ............... TOTAL Result Count = 0    (0)
RULECHECK 22.PNW.W1 .............. TOTAL Result Count = 0    (0)
RULECHECK 22.PNW.W2 .............. TOTAL Result Count = 0    (0)
RULECHECK 22.PNW.S ............... TOTAL Result Count = 0    (0)
RULECHECK 22.PNW.E1 .............. TOTAL Result Count = 0    (0)
RULECHECK 22.PNW.E2 .............. TOTAL Result Count = 0    (0)
RULECHECK 22.PNW.bad1 ............ TOTAL Result Count = 0    (0)
RULECHECK 23.NPW.W1 .............. TOTAL Result Count = 0    (0)
RULECHECK 23.NPW.W2 .............. TOTAL Result Count = 0    (0)
RULECHECK 23.NPW.S ............... TOTAL Result Count = 0    (0)
RULECHECK 23.NPW.E ............... TOTAL Result Count = 0    (0)
----------------------------------------------------------------------------------
--- RULECHECK RESULTS STATISTICS (BY CELL)
---
CELL PLEAF ......................... TOTAL Result Count = 2    (384)
    RULECHECK 1.PWL.bad1 ........... TOTAL Result Count = 1    (192)
    RULECHECK 2.ACT.bad3 ........... TOTAL Result Count = 1    (192)
CELL PDRV .......................... TOTAL Result Count = 42   (1008)
    RULECHECK 2.ACT.W1 ............. TOTAL Result Count = 7    (168)
    RULECHECK 2.ACT.bad2 ........... TOTAL Result Count = 7    (168)
    RULECHECK 5.NSD.E .............. TOTAL Result Count = 14   (336)
    RULECHECK 5.NSD.O .............. TOTAL Result Count = 7    (168)
    RULECHECK 6.PSD.O .............. TOTAL Result Count = 7    (168)
CELL INV2 .......................... TOTAL Result Count = 2    (48)
    RULECHECK 5.NSD.S1 ............. TOTAL Result Count = 2    (48)
CELL POB4 .......................... TOTAL Result Count = 7    (56)
    RULECHECK 1.NWL.bad2 ........... TOTAL Result Count = 1    (8)
    RULECHECK 1.PWL.bad1 ........... TOTAL Result Count = 1    (8)
    RULECHECK 1.PWL.bad2 ........... TOTAL Result Count = 1    (8)
    RULECHECK 2.ACT.T1 ............. TOTAL Result Count = 1    (8)
    RULECHECK 5.NSD.O .............. TOTAL Result Count = 1    (8)
    RULECHECK 6.PSD.E .............. TOTAL Result Count = 1    (8)
    RULECHECK 6.PSD.O .............. TOTAL Result Count = 1    (8)
CELL PIC ........................... TOTAL Result Count = 1    (16)
    RULECHECK 5.NSD.S1 ............. TOTAL Result Count = 1    (16)
CELL ALU8_Mult_Core_F .............. TOTAL Result Count = 3135 (3135)
    RULECHECK 8.MET1.S2 ............ TOTAL Result Count = 2    (2)
    RULECHECK 9.VIA1.bad2 .......... TOTAL Result Count = 1000 (1000)
    RULECHECK 10.MET2.S1 ........... TOTAL Result Count = 1000 (1000)
    RULECHECK 11.VIA2.bad2 ......... TOTAL Result Count = 1000 (1000)
    RULECHECK 12.MET3.S1 ........... TOTAL Result Count = 133  (133)
CELL pdiode10_CDNS_7046768260513 ... TOTAL Result Count = 1    (24)
    RULECHECK 1.NWL.bad2 ........... TOTAL Result Count = 1    (24)
CELL ndiode10_CDNS_7046768260510 ... TOTAL Result Count = 1    (24)
    RULECHECK 1.PWL.bad2 ........... TOTAL Result Count = 1    (24)
CELL ALU8_Mult_Pad ................. TOTAL Result Count = 69   (69)
    RULECHECK 2.ACT.T1 ............. TOTAL Result Count = 2    (2)
    RULECHECK 9.VIA1.E2 ............ TOTAL Result Count = 4    (4)
    RULECHECK 9.VIA1.E4 ............ TOTAL Result Count = 7    (7)
    RULECHECK 10.MET2.S2 ........... TOTAL Result Count = 48   (48)
    RULECHECK 11.VIA2.S1 ........... TOTAL Result Count = 8    (8)
----------------------------------------------------------------------------------
--- SUMMARY
---
TOTAL CPU Time:                  4
TOTAL REAL Time:                 4
TOTAL Original Layer Geometries: 199375 (567547)
TOTAL DRC RuleChecks Executed:   211
TOTAL DRC Results Generated:     3260 (4764)
