

================================================================
== Vitis HLS Report for 'FIR8'
================================================================
* Date:           Sat Oct 18 17:03:32 2025

* Version:        2025.1 (Build 6135595 on May 21 2025)
* Project:        FIR8
* Solution:       hls_component (Vivado IP Flow Target)
* Product family: aartix7
* Target device:  xa7a100t-csg324-2I


================================================================
== Performance Estimates
================================================================
+ Timing: 
    * Summary: 
    +--------+---------+----------+------------+
    |  Clock |  Target | Estimated| Uncertainty|
    +--------+---------+----------+------------+
    |ap_clk  |  1.00 us|  4.570 ns|     0.27 us|
    +--------+---------+----------+------------+

+ Latency: 
    * Summary: 
    +---------+---------+-----------+-----------+-----+-----+---------+
    |  Latency (cycles) |   Latency (absolute)  |  Interval | Pipeline|
    |   min   |   max   |    min    |    max    | min | max |   Type  |
    +---------+---------+-----------+-----------+-----+-----+---------+
    |       27|       27|  27.000 us|  27.000 us|   28|   28|       no|
    +---------+---------+-----------+-----------+-----+-----+---------+

    + Detail: 
        * Instance: 
        N/A

        * Loop: 
        N/A

============================================================
+ Verbose Summary: Synthesis Manager
============================================================
InlineROM: 1
ExposeGlobal: 0
============================================================
+ Verbose Summary: CDFG Model
============================================================
IsTopModel: 1
ResetActiveHigh: 1
IsCombinational: 0
IsDatapathOnly: 0
HasWiredReturn: 1
HasMFsm: 0
HasVarLatency: 1
IsPipeline: 0
IsRtlPipelined: 0
IsInstanceOverlapped: 0
IsDontTouch: 0
HasImplIP: 0
IsGatedGlobalClock: 0


============================================================
+ Verbose Summary: Schedule
============================================================
* Number of FSM states : 5
* Pipeline : 0
* Dataflow Pipeline: 0

* FSM state transitions: 
1 --> 2 
2 --> 3 
3 --> 4 
4 --> 5 
5 --> 

* FSM state operations: 

State 1 <SV = 0> <Delay = 1.75>
ST_1 : Operation 6 [1/1] (0.00ns)   --->   "%x_read = read i8 @_ssdm_op_Read.ap_auto.i8, i8 %x"   --->   Operation 6 'read' 'x_read' <Predicate = true> <Delay = 0.00>
ST_1 : Operation 7 [1/1] (0.00ns)   --->   "%acc_loc = alloca i64 1"   --->   Operation 7 'alloca' 'acc_loc' <Predicate = true> <Delay = 0.00>
ST_1 : Operation 8 [2/2] (1.75ns)   --->   "%call_ln0 = call void @FIR8_Pipeline_SHIFTER_LOOP, i8 %x_read, i8 %shift_reg"   --->   Operation 8 'call' 'call_ln0' <Predicate = true> <Delay = 1.75> <CoreType = "Generic">   --->   Generic Core

State 2 <SV = 1> <Delay = 2.64>
ST_2 : Operation 9 [1/2] (2.64ns)   --->   "%call_ln0 = call void @FIR8_Pipeline_SHIFTER_LOOP, i8 %x_read, i8 %shift_reg"   --->   Operation 9 'call' 'call_ln0' <Predicate = true> <Delay = 2.64> <CoreType = "Generic">   --->   Generic Core

State 3 <SV = 2> <Delay = 0.00>
ST_3 : Operation 10 [2/2] (0.00ns)   --->   "%call_ln0 = call void @FIR8_Pipeline_MACC_LOOP, i16 %acc_loc, i6 %filter_taps, i8 %shift_reg"   --->   Operation 10 'call' 'call_ln0' <Predicate = true> <Delay = 0.00> <CoreType = "Generic">   --->   Generic Core

State 4 <SV = 3> <Delay = 0.00>
ST_4 : Operation 11 [1/2] (0.00ns)   --->   "%call_ln0 = call void @FIR8_Pipeline_MACC_LOOP, i16 %acc_loc, i6 %filter_taps, i8 %shift_reg"   --->   Operation 11 'call' 'call_ln0' <Predicate = true> <Delay = 0.00> <CoreType = "Generic">   --->   Generic Core

State 5 <SV = 4> <Delay = 0.00>
ST_5 : Operation 12 [1/1] (0.00ns)   --->   "%spectopmodule_ln14 = spectopmodule void @_ssdm_op_SpecTopModule, void @empty_1" [c_untimed/FIR8.cpp:14]   --->   Operation 12 'spectopmodule' 'spectopmodule_ln14' <Predicate = true> <Delay = 0.00>
ST_5 : Operation 13 [1/1] (0.00ns)   --->   "%specbitsmap_ln0 = specbitsmap void @_ssdm_op_SpecBitsMap, i16 %y"   --->   Operation 13 'specbitsmap' 'specbitsmap_ln0' <Predicate = true> <Delay = 0.00>
ST_5 : Operation 14 [1/1] (0.00ns)   --->   "%specinterface_ln0 = specinterface void @_ssdm_op_SpecInterface, i16 %y, void @empty, i32 0, i32 0, void @empty_0, i32 0, i32 0, void @empty_0, void @empty_0, void @empty_0, i32 0, i32 0, i32 0, i32 0, void @empty_0, void @empty_0, i32 4294967295, i32 0, i32 0"   --->   Operation 14 'specinterface' 'specinterface_ln0' <Predicate = true> <Delay = 0.00>
ST_5 : Operation 15 [1/1] (0.00ns)   --->   "%specbitsmap_ln0 = specbitsmap void @_ssdm_op_SpecBitsMap, i8 %x"   --->   Operation 15 'specbitsmap' 'specbitsmap_ln0' <Predicate = true> <Delay = 0.00>
ST_5 : Operation 16 [1/1] (0.00ns)   --->   "%specinterface_ln0 = specinterface void @_ssdm_op_SpecInterface, i8 %x, void @empty, i32 0, i32 0, void @empty_0, i32 0, i32 0, void @empty_0, void @empty_0, void @empty_0, i32 0, i32 0, i32 0, i32 0, void @empty_0, void @empty_0, i32 4294967295, i32 0, i32 0"   --->   Operation 16 'specinterface' 'specinterface_ln0' <Predicate = true> <Delay = 0.00>
ST_5 : Operation 17 [1/1] (0.00ns)   --->   "%acc_loc_load = load i16 %acc_loc"   --->   Operation 17 'load' 'acc_loc_load' <Predicate = true> <Delay = 0.00>
ST_5 : Operation 18 [1/1] (0.00ns)   --->   "%write_ln64 = write void @_ssdm_op_Write.ap_auto.i16P0A, i16 %y, i16 %acc_loc_load" [c_untimed/FIR8.cpp:64]   --->   Operation 18 'write' 'write_ln64' <Predicate = true> <Delay = 0.00>
ST_5 : Operation 19 [1/1] (0.00ns)   --->   "%ret_ln65 = ret" [c_untimed/FIR8.cpp:65]   --->   Operation 19 'ret' 'ret_ln65' <Predicate = true> <Delay = 0.00>


============================================================
+ Verbose Summary: Timing violations
============================================================
Target clock period: 1000.000ns, clock uncertainty: 270.000ns.

 <State 1>: 1.755ns
The critical path consists of the following:
	wire read operation ('x') on port 'x' [5]  (0.000 ns)
	'call' operation 0 bit ('call_ln0') to 'FIR8_Pipeline_SHIFTER_LOOP' [12]  (1.755 ns)

 <State 2>: 2.648ns
The critical path consists of the following:
	'call' operation 0 bit ('call_ln0') to 'FIR8_Pipeline_SHIFTER_LOOP' [12]  (2.648 ns)

 <State 3>: 0.000ns
The critical path consists of the following:

 <State 4>: 0.000ns
The critical path consists of the following:

 <State 5>: 0.000ns
The critical path consists of the following:


============================================================
+ Verbose Summary: Binding
============================================================
N/A
* FSMD analyzer results:
  - Output states:
 - Input state : 
  - Chain level:
	State 1
	State 2
	State 3
	State 4
	State 5


============================================================
+ Verbose Summary: Datapath Resource usage 
============================================================
N/A
