#-----------------------------------------------------------
# Vivado v2023.2.2 (64-bit)
# SW Build 4126759 on Thu Feb  8 23:52:05 MST 2024
# IP Build 4126054 on Fri Feb  9 11:39:09 MST 2024
# SharedData Build 4115275 on Tue Jan 30 00:40:57 MST 2024
# Start of session at: Mon May 20 14:28:19 2024
# Process ID: 5816
# Current directory: /home/goodkook/ETRI050_DesignKit/devel/Ref_Design/FIR8/2_Splited_IO/emulation/Vivado
# Command line: vivado
# Log file: /home/goodkook/ETRI050_DesignKit/devel/Ref_Design/FIR8/2_Splited_IO/emulation/Vivado/vivado.log
# Journal file: /home/goodkook/ETRI050_DesignKit/devel/Ref_Design/FIR8/2_Splited_IO/emulation/Vivado/vivado.jou
# Running On: GoodKook-Skull, OS: Linux, CPU Frequency: 3096.000 MHz, CPU Physical cores: 4, Host memory: 16731 MB
#-----------------------------------------------------------
start_gui
open_project /home/goodkook/ETRI050_DesignKit/devel/Ref_Design/FIR8/2_Splited_IO/emulation/Vivado/fir_pe.xpr
reset_run impl_1
launch_runs impl_1 -to_step write_bitstream -jobs 4
wait_on_run impl_1
open_hw_manager
connect_hw_server -url localhost:3121 -allow_non_jtag
current_hw_target [get_hw_targets */xilinx_tcf/Digilent/210319B9B157A]
set_property PARAM.FREQUENCY 15000000 [get_hw_targets */xilinx_tcf/Digilent/210319B9B157A]
open_hw_target
set_property PROGRAM.FILE {/home/goodkook/ETRI050_DesignKit/devel/Ref_Design/FIR8/2_Splited_IO/emulation/Vivado/fir_pe.runs/impl_1/fir_pe.bit} [get_hw_devices xc7a100t_0]
current_hw_device [get_hw_devices xc7a100t_0]
refresh_hw_device -update_hw_probes false [lindex [get_hw_devices xc7a100t_0] 0]
set_property PROBES.FILE {} [get_hw_devices xc7a100t_0]
set_property FULL_PROBES.FILE {} [get_hw_devices xc7a100t_0]
set_property PROGRAM.FILE {/home/goodkook/ETRI050_DesignKit/devel/Ref_Design/FIR8/2_Splited_IO/emulation/Vivado/fir_pe.runs/impl_1/fir_pe.bit} [get_hw_devices xc7a100t_0]
program_hw_devices [get_hw_devices xc7a100t_0]
refresh_hw_device [lindex [get_hw_devices xc7a100t_0] 0]
