Modules list:
-------------
wozmon.o:
    CODE              Offs = 000000   Size = 000100
    RODATA            Offs = 000000   Size = 000000
    BSS               Offs = 000000   Size = 000000
    DATA              Offs = 000000   Size = 000000
    ZEROPAGE          Offs = 000000   Size = 000000
    NULL              Offs = 000000   Size = 000000


Segment list:
-------------
Name                  Start   End     Size
--------------------------------------------
NULL                  000000  000000  000000
ZEROPAGE              000000  000000  000000
CODE                  000200  0002FF  000100
BSS                   000300  000300  000000
DATA                  000300  000300  000000
RODATA                000300  000300  000000


Exports list:
-------------
RESET                     00FF00  LA    __BSS_LOAD__              000300  LA    
__BSS_RUN__               000300  LA    __BSS_SIZE__              000000  EA    
__STACKSIZE__             000800  EA    __ZP_LAST__               000000  LA    
__ZP_SIZE__               00001F  EA    __ZP_START__              000000  LA    



Imports list:
-------------
RESET (wozmon.o):
__BSS_LOAD__ ([linker generated]):
__BSS_RUN__ ([linker generated]):
__BSS_SIZE__ ([linker generated]):
__STACKSIZE__ ([linker generated]):
__ZP_LAST__ ([linker generated]):
__ZP_SIZE__ ([linker generated]):
__ZP_START__ ([linker generated]):

