

================================================================
== Vitis HLS Report for 'fxp_sqrt_top_Pipeline_VITIS_LOOP_104_1'
================================================================
* Date:           Thu Mar 27 22:44:42 2025

* Version:        2024.2.2 (Build 6049644 on Mar  5 2025)
* Project:        fxp_sqrt_top
* Solution:       hls (Vivado IP Flow Target)
* Product family: aartix7
* Target device:  xa7a100t-csg324-1I


================================================================
== Performance Estimates
================================================================
+ Timing: 
    * Summary: 
    +--------+----------+----------+------------+
    |  Clock |  Target  | Estimated| Uncertainty|
    +--------+----------+----------+------------+
    |ap_clk  |  10.00 ns|  5.924 ns|     2.00 ns|
    +--------+----------+----------+------------+

+ Latency: 
    * Summary: 
    +---------+---------+----------+----------+-----+-----+------------------------------------------------+
    |  Latency (cycles) |  Latency (absolute) |  Interval |                    Pipeline                    |
    |   min   |   max   |    min   |    max   | min | max |                      Type                      |
    +---------+---------+----------+----------+-----+-----+------------------------------------------------+
    |       32|       32|  0.320 us|  0.320 us|   30|   30|  loop auto-rewind stp (delay=0 clock cycles(s))|
    +---------+---------+----------+----------+-----+-----+------------------------------------------------+

    + Detail: 
        * Instance: 
        N/A

        * Loop: 
        +--------------------+---------+---------+----------+-----------+-----------+------+----------+
        |                    |  Latency (cycles) | Iteration|  Initiation Interval  | Trip |          |
        |      Loop Name     |   min   |   max   |  Latency |  achieved |   target  | Count| Pipelined|
        +--------------------+---------+---------+----------+-----------+-----------+------+----------+
        |- VITIS_LOOP_104_1  |       30|       30|         2|          1|          1|    30|       yes|
        +--------------------+---------+---------+----------+-----------+-----------+------+----------+



================================================================
== Utilization Estimates
================================================================
* Summary: 
+-----------------+---------+-----+--------+-------+-----+
|       Name      | BRAM_18K| DSP |   FF   |  LUT  | URAM|
+-----------------+---------+-----+--------+-------+-----+
|DSP              |        -|    -|       -|      -|    -|
|Expression       |        -|    -|       0|    368|    -|
|FIFO             |        -|    -|       -|      -|    -|
|Instance         |        -|    -|       -|      -|    -|
|Memory           |        -|    -|       -|      -|    -|
|Multiplexer      |        -|    -|       0|     81|    -|
|Register         |        -|    -|     216|      -|    -|
+-----------------+---------+-----+--------+-------+-----+
|Total            |        0|    0|     216|    449|    0|
+-----------------+---------+-----+--------+-------+-----+
|Available        |      270|  240|  126800|  63400|    0|
+-----------------+---------+-----+--------+-------+-----+
|Utilization (%)  |        0|    0|      ~0|     ~0|    0|
+-----------------+---------+-----+--------+-------+-----+

+ Detail: 
    * Instance: 
    N/A

    * DSP: 
    N/A

    * Memory: 
    N/A

    * FIFO: 
    N/A

    * Expression: 
    +----------------------+----------+----+---+----+------------+------------+
    |     Variable Name    | Operation| DSP| FF| LUT| Bitwidth P0| Bitwidth P1|
    +----------------------+----------+----+---+----+------------+------------+
    |i_fu_182_p2           |         +|   0|  0|  13|           5|           1|
    |s_2_fu_221_p2         |         +|   0|  0|  38|          31|          31|
    |s_1_fu_216_p2         |         -|   0|  0|  38|          31|          31|
    |sub_ln106_fu_136_p2   |         -|   0|  0|  13|           3|           5|
    |icmp_ln104_fu_188_p2  |      icmp|   0|  0|  13|           5|           3|
    |empty_8_fu_235_p3     |    select|   0|  0|  28|           1|          28|
    |s_5_out               |    select|   0|  0|  31|           1|          31|
    |shl_ln106_fu_154_p2   |       shl|   0|  0|  96|          31|          31|
    |shl_ln110_fu_168_p2   |       shl|   0|  0|  96|          31|          31|
    |ap_enable_pp0         |       xor|   0|  0|   2|           1|           2|
    +----------------------+----------+----+---+----+------------+------------+
    |Total                 |          |   0|  0| 368|         140|         194|
    +----------------------+----------+----+---+----+------------+------------+

    * Multiplexer: 
    +----------------------------------+----+-----------+-----+-----------+
    |               Name               | LUT| Input Size| Bits| Total Bits|
    +----------------------------------+----+-----------+-----+-----------+
    |ap_done_int                       |   9|          2|    1|          2|
    |ap_enable_reg_pp0_iter1           |   9|          2|    1|          2|
    |ap_loop_exit_ready_pp0_iter2_reg  |   9|          2|    1|          2|
    |ap_sig_allocacmp_q6_load          |   9|          2|   29|         58|
    |ap_sig_allocacmp_q_star4_load     |   9|          2|   28|         56|
    |i1_fu_60                          |   9|          2|    5|         10|
    |q6_fu_72                          |   9|          2|   29|         58|
    |q_star4_fu_68                     |   9|          2|   28|         56|
    |s_22_fu_64                        |   9|          2|   31|         62|
    +----------------------------------+----+-----------+-----+-----------+
    |Total                             |  81|         18|  153|        306|
    +----------------------------------+----+-----------+-----+-----------+

    * Register: 
    +----------------------------------+----+----+-----+-----------+
    |               Name               | FF | LUT| Bits| Const Bits|
    +----------------------------------+----+----+-----+-----------+
    |ap_CS_fsm                         |   1|   0|    1|          0|
    |ap_done_reg                       |   1|   0|    1|          0|
    |ap_enable_reg_pp0_iter1           |   1|   0|    1|          0|
    |ap_enable_reg_pp0_iter2           |   1|   0|    1|          0|
    |ap_loop_exit_ready_pp0_iter2_reg  |   1|   0|    1|          0|
    |empty_7_reg_317                   |  28|   0|   28|          0|
    |empty_reg_312                     |  27|   0|   28|          1|
    |i1_fu_60                          |   5|   0|    5|          0|
    |icmp_ln104_reg_322                |   1|   0|    1|          0|
    |q6_fu_72                          |  29|   0|   29|          0|
    |q_star4_fu_68                     |  28|   0|   29|          1|
    |s_22_fu_64                        |  31|   0|   31|          0|
    |shl_ln106_reg_302                 |  31|   0|   31|          0|
    |shl_ln110_reg_307                 |  31|   0|   31|          0|
    +----------------------------------+----+----+-----+-----------+
    |Total                             | 216|   0|  218|          2|
    +----------------------------------+----+----+-----+-----------+



================================================================
== Interface
================================================================
* Summary: 
+----------------+-----+-----+------------+----------------------------------------+--------------+
|    RTL Ports   | Dir | Bits|  Protocol  |              Source Object             |    C Type    |
+----------------+-----+-----+------------+----------------------------------------+--------------+
|ap_clk          |   in|    1|  ap_ctrl_hs|  fxp_sqrt_top_Pipeline_VITIS_LOOP_104_1|  return value|
|ap_rst          |   in|    1|  ap_ctrl_hs|  fxp_sqrt_top_Pipeline_VITIS_LOOP_104_1|  return value|
|ap_start        |   in|    1|  ap_ctrl_hs|  fxp_sqrt_top_Pipeline_VITIS_LOOP_104_1|  return value|
|ap_done         |  out|    1|  ap_ctrl_hs|  fxp_sqrt_top_Pipeline_VITIS_LOOP_104_1|  return value|
|ap_idle         |  out|    1|  ap_ctrl_hs|  fxp_sqrt_top_Pipeline_VITIS_LOOP_104_1|  return value|
|ap_ready        |  out|    1|  ap_ctrl_hs|  fxp_sqrt_top_Pipeline_VITIS_LOOP_104_1|  return value|
|zext_ln90       |   in|   28|     ap_none|                               zext_ln90|        scalar|
|s_5_out         |  out|   31|      ap_vld|                                 s_5_out|       pointer|
|s_5_out_ap_vld  |  out|    1|      ap_vld|                                 s_5_out|       pointer|
|p_v_out         |  out|   28|      ap_vld|                                 p_v_out|       pointer|
|p_v_out_ap_vld  |  out|    1|      ap_vld|                                 p_v_out|       pointer|
|q_1_out         |  out|   29|      ap_vld|                                 q_1_out|       pointer|
|q_1_out_ap_vld  |  out|    1|      ap_vld|                                 q_1_out|       pointer|
+----------------+-----+-----+------------+----------------------------------------+--------------+

