#-----------------------------------------------------------
# Vivado v2023.2.2 (64-bit)
# SW Build 4126759 on Thu Feb  8 23:52:05 MST 2024
# IP Build 4126054 on Fri Feb  9 11:39:09 MST 2024
# SharedData Build 4115275 on Tue Jan 30 00:40:57 MST 2024
# Start of session at: Tue Jun 18 06:40:23 2024
# Process ID: 12611
# Current directory: /home/goodkook/ETRI050_DesignKit/devel/Ref_Design/CPU_6502/emulation/Vivado/cpu_wrapper_RT2/cpu_wrapper_RT2.runs/impl_1
# Command line: vivado -log cpu_wrapper.vdi -applog -product Vivado -messageDb vivado.pb -mode batch -source cpu_wrapper.tcl -notrace
# Log file: /home/goodkook/ETRI050_DesignKit/devel/Ref_Design/CPU_6502/emulation/Vivado/cpu_wrapper_RT2/cpu_wrapper_RT2.runs/impl_1/cpu_wrapper.vdi
# Journal file: /home/goodkook/ETRI050_DesignKit/devel/Ref_Design/CPU_6502/emulation/Vivado/cpu_wrapper_RT2/cpu_wrapper_RT2.runs/impl_1/vivado.jou
# Running On: GoodKook-Skull, OS: Linux, CPU Frequency: 3095.997 MHz, CPU Physical cores: 4, Host memory: 16731 MB
#-----------------------------------------------------------
source cpu_wrapper.tcl -notrace
