#-----------------------------------------------------------
# Vivado v2024.2.2 (64-bit)
# SW Build 6060944 on Thu Mar 06 19:10:09 MST 2025
# IP Build 6050500 on Thu Mar  6 23:33:39 MST 2025
# SharedData Build 6060542 on Thu Mar 06 10:31:07 MST 2025
# Start of session at: Thu Mar 27 23:11:36 2025
# Process ID         : 3458
# Current directory  : /home/goodkook/ETRI050_DesignKit/devel/Tutorials/7-2_Vitis-HLS_fxp_sqrt/emulation/PSCE-TRANS/Xilinx/fxp_sqrt_top_wrapper/fxp_sqrt_top_wrapper.runs/impl_1
# Command line       : vivado -log fxp_sqrt_top_wrapper.vdi -applog -product Vivado -messageDb vivado.pb -mode batch -source fxp_sqrt_top_wrapper.tcl -notrace
# Log file           : /home/goodkook/ETRI050_DesignKit/devel/Tutorials/7-2_Vitis-HLS_fxp_sqrt/emulation/PSCE-TRANS/Xilinx/fxp_sqrt_top_wrapper/fxp_sqrt_top_wrapper.runs/impl_1/fxp_sqrt_top_wrapper.vdi
# Journal file       : /home/goodkook/ETRI050_DesignKit/devel/Tutorials/7-2_Vitis-HLS_fxp_sqrt/emulation/PSCE-TRANS/Xilinx/fxp_sqrt_top_wrapper/fxp_sqrt_top_wrapper.runs/impl_1/vivado.jou
# Running On         : GoodKook-Skull
# Platform           : Ubuntu
# Operating System   : Ubuntu 22.04.5 LTS
# Processor Detail   : Intel(R) Core(TM) i7-8809G CPU @ 3.10GHz
# CPU Frequency      : 3095.999 MHz
# CPU Physical cores : 4
# CPU Logical cores  : 8
# Host memory        : 25205 MB
# Swap memory        : 6442 MB
# Total Virtual      : 31648 MB
# Available Virtual  : 28480 MB
#-----------------------------------------------------------
source fxp_sqrt_top_wrapper.tcl -notrace
