------------------------------------------------------------
Timing Analyzer Summary
------------------------------------------------------------

Type  : Slow 1200mV 85C Model Setup 'clk_dut'
Slack : -4.987
TNS   : -181.385

Type  : Slow 1200mV 85C Model Setup 'clk_emu'
Slack : -1.655
TNS   : -18.582

Type  : Slow 1200mV 85C Model Hold 'clk_emu'
Slack : 0.453
TNS   : 0.000

Type  : Slow 1200mV 85C Model Hold 'clk_dut'
Slack : 0.501
TNS   : 0.000

Type  : Slow 1200mV 85C Model Minimum Pulse Width 'clk_dut'
Slack : -3.000
TNS   : -114.525

Type  : Slow 1200mV 85C Model Minimum Pulse Width 'clk_emu'
Slack : -3.000
TNS   : -81.589

Type  : Slow 1200mV 0C Model Setup 'clk_dut'
Slack : -4.556
TNS   : -163.754

Type  : Slow 1200mV 0C Model Setup 'clk_emu'
Slack : -1.435
TNS   : -15.501

Type  : Slow 1200mV 0C Model Hold 'clk_emu'
Slack : 0.402
TNS   : 0.000

Type  : Slow 1200mV 0C Model Hold 'clk_dut'
Slack : 0.470
TNS   : 0.000

Type  : Slow 1200mV 0C Model Minimum Pulse Width 'clk_dut'
Slack : -3.000
TNS   : -114.525

Type  : Slow 1200mV 0C Model Minimum Pulse Width 'clk_emu'
Slack : -3.000
TNS   : -81.469

Type  : Fast 1200mV 0C Model Setup 'clk_dut'
Slack : -1.606
TNS   : -39.063

Type  : Fast 1200mV 0C Model Setup 'clk_emu'
Slack : -0.179
TNS   : -0.731

Type  : Fast 1200mV 0C Model Hold 'clk_emu'
Slack : 0.187
TNS   : 0.000

Type  : Fast 1200mV 0C Model Hold 'clk_dut'
Slack : 0.194
TNS   : 0.000

Type  : Fast 1200mV 0C Model Minimum Pulse Width 'clk_dut'
Slack : -3.000
TNS   : -100.440

Type  : Fast 1200mV 0C Model Minimum Pulse Width 'clk_emu'
Slack : -3.000
TNS   : -63.818

------------------------------------------------------------
